  Determining projects to restore...
  All projects are up-to-date for restore.
  PlatformOpsHub.Domain -> C:\Tools\PlatformOpsDashboard\src\PlatformOpsHub.Domain\bin\Debug\net8.0\PlatformOpsHub.Domain.dll
  PlatformOpsHub.Integrations -> C:\Tools\PlatformOpsDashboard\src\PlatformOpsHub.Integrations\bin\Debug\net8.0\PlatformOpsHub.Integrations.dll
  PlatformOpsHub.Infrastructure -> C:\Tools\PlatformOpsDashboard\src\PlatformOpsHub.Infrastructure\bin\Debug\net8.0\PlatformOpsHub.Infrastructure.dll
  PlatformOpsHub.Application -> C:\Tools\PlatformOpsDashboard\src\PlatformOpsHub.Application\bin\Debug\net8.0\PlatformOpsHub.Application.dll
  PlatformOpsHub.Background -> C:\Tools\PlatformOpsDashboard\src\PlatformOpsHub.Background\bin\Debug\net8.0\PlatformOpsHub.Background.dll
C:\Tools\PlatformOpsDashboard\src\PlatformOpsHub.Web\Components\Layout\LoginDisplay.razor(6,13): warning RZ10012: Found markup element with unexpected name 'FluentTypography'. If this is intended to be a component, add a @using directive for its namespace. [C:\Tools\PlatformOpsDashboard\src\PlatformOpsHub.Web\PlatformOpsHub.Web.csproj]
C:\Tools\PlatformOpsDashboard\src\PlatformOpsHub.Web\Components\Pages\Account\Login.razor(14,9): warning RZ10012: Found markup element with unexpected name 'FluentTypography'. If this is intended to be a component, add a @using directive for its namespace. [C:\Tools\PlatformOpsDashboard\src\PlatformOpsHub.Web\PlatformOpsHub.Web.csproj]
C:\Tools\PlatformOpsDashboard\src\PlatformOpsHub.Web\Components\Pages\Account\Login.razor(15,9): warning RZ10012: Found markup element with unexpected name 'FluentTypography'. If this is intended to be a component, add a @using directive for its namespace. [C:\Tools\PlatformOpsDashboard\src\PlatformOpsHub.Web\PlatformOpsHub.Web.csproj]
C:\Tools\PlatformOpsDashboard\src\PlatformOpsHub.Web\Components\Pages\ChangeTeamHub.razor(7,1): warning RZ10012: Found markup element with unexpected name 'FluentTypography'. If this is intended to be a component, add a @using directive for its namespace. [C:\Tools\PlatformOpsDashboard\src\PlatformOpsHub.Web\PlatformOpsHub.Web.csproj]
C:\Tools\PlatformOpsDashboard\src\PlatformOpsHub.Web\Components\Pages\ChangeTeamHub.razor(8,1): warning RZ10012: Found markup element with unexpected name 'FluentTypography'. If this is intended to be a component, add a @using directive for its namespace. [C:\Tools\PlatformOpsDashboard\src\PlatformOpsHub.Web\PlatformOpsHub.Web.csproj]
C:\Tools\PlatformOpsDashboard\src\PlatformOpsHub.Web\Components\Pages\ChangeTeamHub.razor(15,17): warning RZ10012: Found markup element with unexpected name 'FluentTypography'. If this is intended to be a component, add a @using directive for its namespace. [C:\Tools\PlatformOpsDashboard\src\PlatformOpsHub.Web\PlatformOpsHub.Web.csproj]
C:\Tools\PlatformOpsDashboard\src\PlatformOpsHub.Web\Components\Pages\ChangeTeamHub.razor(16,17): warning RZ10012: Found markup element with unexpected name 'FluentTypography'. If this is intended to be a component, add a @using directive for its namespace. [C:\Tools\PlatformOpsDashboard\src\PlatformOpsHub.Web\PlatformOpsHub.Web.csproj]
C:\Tools\PlatformOpsDashboard\src\PlatformOpsHub.Web\Components\Pages\ChangeTeamHub.razor(22,29): warning RZ10012: Found markup element with unexpected name 'FluentTypography'. If this is intended to be a component, add a @using directive for its namespace. [C:\Tools\PlatformOpsDashboard\src\PlatformOpsHub.Web\PlatformOpsHub.Web.csproj]
C:\Tools\PlatformOpsDashboard\src\PlatformOpsHub.Web\Components\Pages\ChangeTeamHub.razor(23,29): warning RZ10012: Found markup element with unexpected name 'FluentTypography'. If this is intended to be a component, add a @using directive for its namespace. [C:\Tools\PlatformOpsDashboard\src\PlatformOpsHub.Web\PlatformOpsHub.Web.csproj]
C:\Tools\PlatformOpsDashboard\src\PlatformOpsHub.Web\Components\Pages\ChangeTeamHub.razor(27,29): warning RZ10012: Found markup element with unexpected name 'FluentTypography'. If this is intended to be a component, add a @using directive for its namespace. [C:\Tools\PlatformOpsDashboard\src\PlatformOpsHub.Web\PlatformOpsHub.Web.csproj]
C:\Tools\PlatformOpsDashboard\src\PlatformOpsHub.Web\Components\Pages\ChangeTeamHub.razor(28,29): warning RZ10012: Found markup element with unexpected name 'FluentTypography'. If this is intended to be a component, add a @using directive for its namespace. [C:\Tools\PlatformOpsDashboard\src\PlatformOpsHub.Web\PlatformOpsHub.Web.csproj]
C:\Tools\PlatformOpsDashboard\src\PlatformOpsHub.Web\Components\Pages\ChangeTeamHub.razor(35,21): warning RZ10012: Found markup element with unexpected name 'FluentTypography'. If this is intended to be a component, add a @using directive for its namespace. [C:\Tools\PlatformOpsDashboard\src\PlatformOpsHub.Web\PlatformOpsHub.Web.csproj]
C:\Tools\PlatformOpsDashboard\src\PlatformOpsHub.Web\Components\Pages\ChangeTeamHub.razor(47,17): warning RZ10012: Found markup element with unexpected name 'FluentTypography'. If this is intended to be a component, add a @using directive for its namespace. [C:\Tools\PlatformOpsDashboard\src\PlatformOpsHub.Web\PlatformOpsHub.Web.csproj]
C:\Tools\PlatformOpsDashboard\src\PlatformOpsHub.Web\Components\Pages\ChangeTeamHub.razor(50,25): warning RZ10012: Found markup element with unexpected name 'FluentTypography'. If this is intended to be a component, add a @using directive for its namespace. [C:\Tools\PlatformOpsDashboard\src\PlatformOpsHub.Web\PlatformOpsHub.Web.csproj]
C:\Tools\PlatformOpsDashboard\src\PlatformOpsHub.Web\Components\Pages\ChangeTeamHub.razor(51,25): warning RZ10012: Found markup element with unexpected name 'FluentTypography'. If this is intended to be a component, add a @using directive for its namespace. [C:\Tools\PlatformOpsDashboard\src\PlatformOpsHub.Web\PlatformOpsHub.Web.csproj]
C:\Tools\PlatformOpsDashboard\src\PlatformOpsHub.Web\Components\Pages\ChangeTeamHub.razor(54,25): warning RZ10012: Found markup element with unexpected name 'FluentTypography'. If this is intended to be a component, add a @using directive for its namespace. [C:\Tools\PlatformOpsDashboard\src\PlatformOpsHub.Web\PlatformOpsHub.Web.csproj]
C:\Tools\PlatformOpsDashboard\src\PlatformOpsHub.Web\Components\Pages\ChangeTeamHub.razor(55,25): warning RZ10012: Found markup element with unexpected name 'FluentTypography'. If this is intended to be a component, add a @using directive for its namespace. [C:\Tools\PlatformOpsDashboard\src\PlatformOpsHub.Web\PlatformOpsHub.Web.csproj]
C:\Tools\PlatformOpsDashboard\src\PlatformOpsHub.Web\Components\Pages\ChangeTeamHub.razor(69,13): warning RZ10012: Found markup element with unexpected name 'FluentTypography'. If this is intended to be a component, add a @using directive for its namespace. [C:\Tools\PlatformOpsDashboard\src\PlatformOpsHub.Web\PlatformOpsHub.Web.csproj]
C:\Tools\PlatformOpsDashboard\src\PlatformOpsHub.Web\Components\Pages\CodeQuality.razor(7,1): warning RZ10012: Found markup element with unexpected name 'FluentTypography'. If this is intended to be a component, add a @using directive for its namespace. [C:\Tools\PlatformOpsDashboard\src\PlatformOpsHub.Web\PlatformOpsHub.Web.csproj]
C:\Tools\PlatformOpsDashboard\src\PlatformOpsHub.Web\Components\Pages\CodeQuality.razor(8,1): warning RZ10012: Found markup element with unexpected name 'FluentTypography'. If this is intended to be a component, add a @using directive for its namespace. [C:\Tools\PlatformOpsDashboard\src\PlatformOpsHub.Web\PlatformOpsHub.Web.csproj]
C:\Tools\PlatformOpsDashboard\src\PlatformOpsHub.Web\Components\Pages\CodeQuality.razor(16,17): warning RZ10012: Found markup element with unexpected name 'FluentTypography'. If this is intended to be a component, add a @using directive for its namespace. [C:\Tools\PlatformOpsDashboard\src\PlatformOpsHub.Web\PlatformOpsHub.Web.csproj]
C:\Tools\PlatformOpsDashboard\src\PlatformOpsHub.Web\Components\Pages\CodeQuality.razor(21,25): warning RZ10012: Found markup element with unexpected name 'FluentTypography'. If this is intended to be a component, add a @using directive for its namespace. [C:\Tools\PlatformOpsDashboard\src\PlatformOpsHub.Web\PlatformOpsHub.Web.csproj]
C:\Tools\PlatformOpsDashboard\src\PlatformOpsHub.Web\Components\Pages\CodeQuality.razor(22,25): warning RZ10012: Found markup element with unexpected name 'FluentTypography'. If this is intended to be a component, add a @using directive for its namespace. [C:\Tools\PlatformOpsDashboard\src\PlatformOpsHub.Web\PlatformOpsHub.Web.csproj]
C:\Tools\PlatformOpsDashboard\src\PlatformOpsHub.Web\Components\Pages\CodeQuality.razor(25,25): warning RZ10012: Found markup element with unexpected name 'FluentTypography'. If this is intended to be a component, add a @using directive for its namespace. [C:\Tools\PlatformOpsDashboard\src\PlatformOpsHub.Web\PlatformOpsHub.Web.csproj]
C:\Tools\PlatformOpsDashboard\src\PlatformOpsHub.Web\Components\Pages\CodeQuality.razor(26,25): warning RZ10012: Found markup element with unexpected name 'FluentTypography'. If this is intended to be a component, add a @using directive for its namespace. [C:\Tools\PlatformOpsDashboard\src\PlatformOpsHub.Web\PlatformOpsHub.Web.csproj]
C:\Tools\PlatformOpsDashboard\src\PlatformOpsHub.Web\Components\Pages\CodeQuality.razor(29,25): warning RZ10012: Found markup element with unexpected name 'FluentTypography'. If this is intended to be a component, add a @using directive for its namespace. [C:\Tools\PlatformOpsDashboard\src\PlatformOpsHub.Web\PlatformOpsHub.Web.csproj]
C:\Tools\PlatformOpsDashboard\src\PlatformOpsHub.Web\Components\Pages\CodeQuality.razor(30,25): warning RZ10012: Found markup element with unexpected name 'FluentTypography'. If this is intended to be a component, add a @using directive for its namespace. [C:\Tools\PlatformOpsDashboard\src\PlatformOpsHub.Web\PlatformOpsHub.Web.csproj]
C:\Tools\PlatformOpsDashboard\src\PlatformOpsHub.Web\Components\Pages\CodeQuality.razor(42,17): warning RZ10012: Found markup element with unexpected name 'FluentTypography'. If this is intended to be a component, add a @using directive for its namespace. [C:\Tools\PlatformOpsDashboard\src\PlatformOpsHub.Web\PlatformOpsHub.Web.csproj]
C:\Tools\PlatformOpsDashboard\src\PlatformOpsHub.Web\Components\Pages\CodeQuality.razor(47,25): warning RZ10012: Found markup element with unexpected name 'FluentTypography'. If this is intended to be a component, add a @using directive for its namespace. [C:\Tools\PlatformOpsDashboard\src\PlatformOpsHub.Web\PlatformOpsHub.Web.csproj]
C:\Tools\PlatformOpsDashboard\src\PlatformOpsHub.Web\Components\Pages\CodeQuality.razor(48,25): warning RZ10012: Found markup element with unexpected name 'FluentTypography'. If this is intended to be a component, add a @using directive for its namespace. [C:\Tools\PlatformOpsDashboard\src\PlatformOpsHub.Web\PlatformOpsHub.Web.csproj]
C:\Tools\PlatformOpsDashboard\src\PlatformOpsHub.Web\Components\Pages\CodeQuality.razor(51,25): warning RZ10012: Found markup element with unexpected name 'FluentTypography'. If this is intended to be a component, add a @using directive for its namespace. [C:\Tools\PlatformOpsDashboard\src\PlatformOpsHub.Web\PlatformOpsHub.Web.csproj]
C:\Tools\PlatformOpsDashboard\src\PlatformOpsHub.Web\Components\Pages\CodeQuality.razor(52,25): warning RZ10012: Found markup element with unexpected name 'FluentTypography'. If this is intended to be a component, add a @using directive for its namespace. [C:\Tools\PlatformOpsDashboard\src\PlatformOpsHub.Web\PlatformOpsHub.Web.csproj]
C:\Tools\PlatformOpsDashboard\src\PlatformOpsHub.Web\Components\Pages\CodeQuality.razor(55,25): warning RZ10012: Found markup element with unexpected name 'FluentTypography'. If this is intended to be a component, add a @using directive for its namespace. [C:\Tools\PlatformOpsDashboard\src\PlatformOpsHub.Web\PlatformOpsHub.Web.csproj]
C:\Tools\PlatformOpsDashboard\src\PlatformOpsHub.Web\Components\Pages\CodeQuality.razor(56,25): warning RZ10012: Found markup element with unexpected name 'FluentTypography'. If this is intended to be a component, add a @using directive for its namespace. [C:\Tools\PlatformOpsDashboard\src\PlatformOpsHub.Web\PlatformOpsHub.Web.csproj]
C:\Tools\PlatformOpsDashboard\src\PlatformOpsHub.Web\Components\Pages\CodeQuality.razor(66,13): warning RZ10012: Found markup element with unexpected name 'FluentTypography'. If this is intended to be a component, add a @using directive for its namespace. [C:\Tools\PlatformOpsDashboard\src\PlatformOpsHub.Web\PlatformOpsHub.Web.csproj]
C:\Tools\PlatformOpsDashboard\src\PlatformOpsHub.Web\Components\Pages\DbaHub.razor(7,1): warning RZ10012: Found markup element with unexpected name 'FluentTypography'. If this is intended to be a component, add a @using directive for its namespace. [C:\Tools\PlatformOpsDashboard\src\PlatformOpsHub.Web\PlatformOpsHub.Web.csproj]
C:\Tools\PlatformOpsDashboard\src\PlatformOpsHub.Web\Components\Pages\DbaHub.razor(8,1): warning RZ10012: Found markup element with unexpected name 'FluentTypography'. If this is intended to be a component, add a @using directive for its namespace. [C:\Tools\PlatformOpsDashboard\src\PlatformOpsHub.Web\PlatformOpsHub.Web.csproj]
C:\Tools\PlatformOpsDashboard\src\PlatformOpsHub.Web\Components\Pages\DbaHub.razor(14,13): warning RZ10012: Found markup element with unexpected name 'FluentTypography'. If this is intended to be a component, add a @using directive for its namespace. [C:\Tools\PlatformOpsDashboard\src\PlatformOpsHub.Web\PlatformOpsHub.Web.csproj]
C:\Tools\PlatformOpsDashboard\src\PlatformOpsHub.Web\Components\Pages\DbaHub.razor(31,17): warning RZ10012: Found markup element with unexpected name 'FluentTypography'. If this is intended to be a component, add a @using directive for its namespace. [C:\Tools\PlatformOpsDashboard\src\PlatformOpsHub.Web\PlatformOpsHub.Web.csproj]
C:\Tools\PlatformOpsDashboard\src\PlatformOpsHub.Web\Components\Pages\DbaHub.razor(34,21): warning RZ10012: Found markup element with unexpected name 'FluentTypography'. If this is intended to be a component, add a @using directive for its namespace. [C:\Tools\PlatformOpsDashboard\src\PlatformOpsHub.Web\PlatformOpsHub.Web.csproj]
C:\Tools\PlatformOpsDashboard\src\PlatformOpsHub.Web\Components\Pages\DbaHub.razor(38,21): warning RZ10012: Found markup element with unexpected name 'FluentTypography'. If this is intended to be a component, add a @using directive for its namespace. [C:\Tools\PlatformOpsDashboard\src\PlatformOpsHub.Web\PlatformOpsHub.Web.csproj]
C:\Tools\PlatformOpsDashboard\src\PlatformOpsHub.Web\Components\Pages\DbaHub.razor(42,21): warning RZ10012: Found markup element with unexpected name 'FluentTypography'. If this is intended to be a component, add a @using directive for its namespace. [C:\Tools\PlatformOpsDashboard\src\PlatformOpsHub.Web\PlatformOpsHub.Web.csproj]
C:\Tools\PlatformOpsDashboard\src\PlatformOpsHub.Web\Components\Pages\DbaHub.razor(51,13): warning RZ10012: Found markup element with unexpected name 'FluentTypography'. If this is intended to be a component, add a @using directive for its namespace. [C:\Tools\PlatformOpsDashboard\src\PlatformOpsHub.Web\PlatformOpsHub.Web.csproj]
C:\Tools\PlatformOpsDashboard\src\PlatformOpsHub.Web\Components\Pages\Epics.razor(7,1): warning RZ10012: Found markup element with unexpected name 'FluentTypography'. If this is intended to be a component, add a @using directive for its namespace. [C:\Tools\PlatformOpsDashboard\src\PlatformOpsHub.Web\PlatformOpsHub.Web.csproj]
C:\Tools\PlatformOpsDashboard\src\PlatformOpsHub.Web\Components\Pages\Epics.razor(8,1): warning RZ10012: Found markup element with unexpected name 'FluentTypography'. If this is intended to be a component, add a @using directive for its namespace. [C:\Tools\PlatformOpsDashboard\src\PlatformOpsHub.Web\PlatformOpsHub.Web.csproj]
C:\Tools\PlatformOpsDashboard\src\PlatformOpsHub.Web\Components\Pages\Home.razor(9,1): warning RZ10012: Found markup element with unexpected name 'FluentTypography'. If this is intended to be a component, add a @using directive for its namespace. [C:\Tools\PlatformOpsDashboard\src\PlatformOpsHub.Web\PlatformOpsHub.Web.csproj]
C:\Tools\PlatformOpsDashboard\src\PlatformOpsHub.Web\Components\Pages\Home.razor(10,1): warning RZ10012: Found markup element with unexpected name 'FluentTypography'. If this is intended to be a component, add a @using directive for its namespace. [C:\Tools\PlatformOpsDashboard\src\PlatformOpsHub.Web\PlatformOpsHub.Web.csproj]
C:\Tools\PlatformOpsDashboard\src\PlatformOpsHub.Web\Components\Pages\Home.razor(23,21): warning RZ10012: Found markup element with unexpected name 'FluentTypography'. If this is intended to be a component, add a @using directive for its namespace. [C:\Tools\PlatformOpsDashboard\src\PlatformOpsHub.Web\PlatformOpsHub.Web.csproj]
C:\Tools\PlatformOpsDashboard\src\PlatformOpsHub.Web\Components\Pages\Home.razor(37,21): warning RZ10012: Found markup element with unexpected name 'FluentTypography'. If this is intended to be a component, add a @using directive for its namespace. [C:\Tools\PlatformOpsDashboard\src\PlatformOpsHub.Web\PlatformOpsHub.Web.csproj]
C:\Tools\PlatformOpsDashboard\src\PlatformOpsHub.Web\Components\Pages\Home.razor(38,21): warning RZ10012: Found markup element with unexpected name 'FluentTypography'. If this is intended to be a component, add a @using directive for its namespace. [C:\Tools\PlatformOpsDashboard\src\PlatformOpsHub.Web\PlatformOpsHub.Web.csproj]
C:\Tools\PlatformOpsDashboard\src\PlatformOpsHub.Web\Components\Pages\Home.razor(39,21): warning RZ10012: Found markup element with unexpected name 'FluentTypography'. If this is intended to be a component, add a @using directive for its namespace. [C:\Tools\PlatformOpsDashboard\src\PlatformOpsHub.Web\PlatformOpsHub.Web.csproj]
C:\Tools\PlatformOpsDashboard\src\PlatformOpsHub.Web\Components\Pages\Home.razor(48,21): warning RZ10012: Found markup element with unexpected name 'FluentTypography'. If this is intended to be a component, add a @using directive for its namespace. [C:\Tools\PlatformOpsDashboard\src\PlatformOpsHub.Web\PlatformOpsHub.Web.csproj]
C:\Tools\PlatformOpsDashboard\src\PlatformOpsHub.Web\Components\Pages\Home.razor(49,21): warning RZ10012: Found markup element with unexpected name 'FluentTypography'. If this is intended to be a component, add a @using directive for its namespace. [C:\Tools\PlatformOpsDashboard\src\PlatformOpsHub.Web\PlatformOpsHub.Web.csproj]
C:\Tools\PlatformOpsDashboard\src\PlatformOpsHub.Web\Components\Pages\Home.razor(59,21): warning RZ10012: Found markup element with unexpected name 'FluentTypography'. If this is intended to be a component, add a @using directive for its namespace. [C:\Tools\PlatformOpsDashboard\src\PlatformOpsHub.Web\PlatformOpsHub.Web.csproj]
C:\Tools\PlatformOpsDashboard\src\PlatformOpsHub.Web\Components\Pages\Home.razor(60,21): warning RZ10012: Found markup element with unexpected name 'FluentTypography'. If this is intended to be a component, add a @using directive for its namespace. [C:\Tools\PlatformOpsDashboard\src\PlatformOpsHub.Web\PlatformOpsHub.Web.csproj]
C:\Tools\PlatformOpsDashboard\src\PlatformOpsHub.Web\Components\Pages\Home.razor(61,21): warning RZ10012: Found markup element with unexpected name 'FluentTypography'. If this is intended to be a component, add a @using directive for its namespace. [C:\Tools\PlatformOpsDashboard\src\PlatformOpsHub.Web\PlatformOpsHub.Web.csproj]
C:\Tools\PlatformOpsDashboard\src\PlatformOpsHub.Web\Components\Pages\Home.razor(69,17): warning RZ10012: Found markup element with unexpected name 'FluentTypography'. If this is intended to be a component, add a @using directive for its namespace. [C:\Tools\PlatformOpsDashboard\src\PlatformOpsHub.Web\PlatformOpsHub.Web.csproj]
C:\Tools\PlatformOpsDashboard\src\PlatformOpsHub.Web\Components\Pages\Home.razor(72,25): warning RZ10012: Found markup element with unexpected name 'FluentTypography'. If this is intended to be a component, add a @using directive for its namespace. [C:\Tools\PlatformOpsDashboard\src\PlatformOpsHub.Web\PlatformOpsHub.Web.csproj]
C:\Tools\PlatformOpsDashboard\src\PlatformOpsHub.Web\Components\Pages\Home.razor(73,25): warning RZ10012: Found markup element with unexpected name 'FluentTypography'. If this is intended to be a component, add a @using directive for its namespace. [C:\Tools\PlatformOpsDashboard\src\PlatformOpsHub.Web\PlatformOpsHub.Web.csproj]
C:\Tools\PlatformOpsDashboard\src\PlatformOpsHub.Web\Components\Pages\Home.razor(76,25): warning RZ10012: Found markup element with unexpected name 'FluentTypography'. If this is intended to be a component, add a @using directive for its namespace. [C:\Tools\PlatformOpsDashboard\src\PlatformOpsHub.Web\PlatformOpsHub.Web.csproj]
C:\Tools\PlatformOpsDashboard\src\PlatformOpsHub.Web\Components\Pages\Home.razor(77,25): warning RZ10012: Found markup element with unexpected name 'FluentTypography'. If this is intended to be a component, add a @using directive for its namespace. [C:\Tools\PlatformOpsDashboard\src\PlatformOpsHub.Web\PlatformOpsHub.Web.csproj]
C:\Tools\PlatformOpsDashboard\src\PlatformOpsHub.Web\Components\Pages\Home.razor(80,25): warning RZ10012: Found markup element with unexpected name 'FluentTypography'. If this is intended to be a component, add a @using directive for its namespace. [C:\Tools\PlatformOpsDashboard\src\PlatformOpsHub.Web\PlatformOpsHub.Web.csproj]
C:\Tools\PlatformOpsDashboard\src\PlatformOpsHub.Web\Components\Pages\Home.razor(81,25): warning RZ10012: Found markup element with unexpected name 'FluentTypography'. If this is intended to be a component, add a @using directive for its namespace. [C:\Tools\PlatformOpsDashboard\src\PlatformOpsHub.Web\PlatformOpsHub.Web.csproj]
C:\Tools\PlatformOpsDashboard\src\PlatformOpsHub.Web\Components\Pages\Home.razor(90,17): warning RZ10012: Found markup element with unexpected name 'FluentTypography'. If this is intended to be a component, add a @using directive for its namespace. [C:\Tools\PlatformOpsDashboard\src\PlatformOpsHub.Web\PlatformOpsHub.Web.csproj]
C:\Tools\PlatformOpsDashboard\src\PlatformOpsHub.Web\Components\Pages\Home.razor(93,25): warning RZ10012: Found markup element with unexpected name 'FluentTypography'. If this is intended to be a component, add a @using directive for its namespace. [C:\Tools\PlatformOpsDashboard\src\PlatformOpsHub.Web\PlatformOpsHub.Web.csproj]
C:\Tools\PlatformOpsDashboard\src\PlatformOpsHub.Web\Components\Pages\Home.razor(96,25): warning RZ10012: Found markup element with unexpected name 'FluentTypography'. If this is intended to be a component, add a @using directive for its namespace. [C:\Tools\PlatformOpsDashboard\src\PlatformOpsHub.Web\PlatformOpsHub.Web.csproj]
C:\Tools\PlatformOpsDashboard\src\PlatformOpsHub.Web\Components\Pages\Home.razor(99,25): warning RZ10012: Found markup element with unexpected name 'FluentTypography'. If this is intended to be a component, add a @using directive for its namespace. [C:\Tools\PlatformOpsDashboard\src\PlatformOpsHub.Web\PlatformOpsHub.Web.csproj]
C:\Tools\PlatformOpsDashboard\src\PlatformOpsHub.Web\Components\Pages\Home.razor(110,21): warning RZ10012: Found markup element with unexpected name 'FluentTypography'. If this is intended to be a component, add a @using directive for its namespace. [C:\Tools\PlatformOpsDashboard\src\PlatformOpsHub.Web\PlatformOpsHub.Web.csproj]
C:\Tools\PlatformOpsDashboard\src\PlatformOpsHub.Web\Components\Pages\Home.razor(111,21): warning RZ10012: Found markup element with unexpected name 'FluentTypography'. If this is intended to be a component, add a @using directive for its namespace. [C:\Tools\PlatformOpsDashboard\src\PlatformOpsHub.Web\PlatformOpsHub.Web.csproj]
C:\Tools\PlatformOpsDashboard\src\PlatformOpsHub.Web\Components\Pages\LearningHub.razor(6,1): warning RZ10012: Found markup element with unexpected name 'FluentTypography'. If this is intended to be a component, add a @using directive for its namespace. [C:\Tools\PlatformOpsDashboard\src\PlatformOpsHub.Web\PlatformOpsHub.Web.csproj]
C:\Tools\PlatformOpsDashboard\src\PlatformOpsHub.Web\Components\Pages\LearningHub.razor(7,1): warning RZ10012: Found markup element with unexpected name 'FluentTypography'. If this is intended to be a component, add a @using directive for its namespace. [C:\Tools\PlatformOpsDashboard\src\PlatformOpsHub.Web\PlatformOpsHub.Web.csproj]
C:\Tools\PlatformOpsDashboard\src\PlatformOpsHub.Web\Components\Pages\LearningHub.razor(12,9): warning RZ10012: Found markup element with unexpected name 'FluentTypography'. If this is intended to be a component, add a @using directive for its namespace. [C:\Tools\PlatformOpsDashboard\src\PlatformOpsHub.Web\PlatformOpsHub.Web.csproj]
C:\Tools\PlatformOpsDashboard\src\PlatformOpsHub.Web\Components\Pages\LearningHub.razor(20,29): warning RZ10012: Found markup element with unexpected name 'FluentTypography'. If this is intended to be a component, add a @using directive for its namespace. [C:\Tools\PlatformOpsDashboard\src\PlatformOpsHub.Web\PlatformOpsHub.Web.csproj]
C:\Tools\PlatformOpsDashboard\src\PlatformOpsHub.Web\Components\Pages\LearningHub.razor(21,29): warning RZ10012: Found markup element with unexpected name 'FluentTypography'. If this is intended to be a component, add a @using directive for its namespace. [C:\Tools\PlatformOpsDashboard\src\PlatformOpsHub.Web\PlatformOpsHub.Web.csproj]
C:\Tools\PlatformOpsDashboard\src\PlatformOpsHub.Web\Components\Pages\LearningHub.razor(34,13): warning RZ10012: Found markup element with unexpected name 'FluentTypography'. If this is intended to be a component, add a @using directive for its namespace. [C:\Tools\PlatformOpsDashboard\src\PlatformOpsHub.Web\PlatformOpsHub.Web.csproj]
C:\Tools\PlatformOpsDashboard\src\PlatformOpsHub.Web\Components\Pages\LearningHub.razor(40,25): warning RZ10012: Found markup element with unexpected name 'FluentTypography'. If this is intended to be a component, add a @using directive for its namespace. [C:\Tools\PlatformOpsDashboard\src\PlatformOpsHub.Web\PlatformOpsHub.Web.csproj]
C:\Tools\PlatformOpsDashboard\src\PlatformOpsHub.Web\Components\Pages\ServiceTeamHub.razor(7,1): warning RZ10012: Found markup element with unexpected name 'FluentTypography'. If this is intended to be a component, add a @using directive for its namespace. [C:\Tools\PlatformOpsDashboard\src\PlatformOpsHub.Web\PlatformOpsHub.Web.csproj]
C:\Tools\PlatformOpsDashboard\src\PlatformOpsHub.Web\Components\Pages\ServiceTeamHub.razor(8,1): warning RZ10012: Found markup element with unexpected name 'FluentTypography'. If this is intended to be a component, add a @using directive for its namespace. [C:\Tools\PlatformOpsDashboard\src\PlatformOpsHub.Web\PlatformOpsHub.Web.csproj]
C:\Tools\PlatformOpsDashboard\src\PlatformOpsHub.Web\Components\Pages\ServiceTeamHub.razor(14,13): warning RZ10012: Found markup element with unexpected name 'FluentTypography'. If this is intended to be a component, add a @using directive for its namespace. [C:\Tools\PlatformOpsDashboard\src\PlatformOpsHub.Web\PlatformOpsHub.Web.csproj]
C:\Tools\PlatformOpsDashboard\src\PlatformOpsHub.Web\Components\Pages\ServiceTeamHub.razor(24,13): warning RZ10012: Found markup element with unexpected name 'FluentTypography'. If this is intended to be a component, add a @using directive for its namespace. [C:\Tools\PlatformOpsDashboard\src\PlatformOpsHub.Web\PlatformOpsHub.Web.csproj]
C:\Tools\PlatformOpsDashboard\src\PlatformOpsHub.Web\Components\Pages\ServiceTeamHub.razor(32,17): warning RZ10012: Found markup element with unexpected name 'FluentTypography'. If this is intended to be a component, add a @using directive for its namespace. [C:\Tools\PlatformOpsDashboard\src\PlatformOpsHub.Web\PlatformOpsHub.Web.csproj]
C:\Tools\PlatformOpsDashboard\src\PlatformOpsHub.Web\Components\Pages\ServiceTeamHub.razor(35,21): warning RZ10012: Found markup element with unexpected name 'FluentTypography'. If this is intended to be a component, add a @using directive for its namespace. [C:\Tools\PlatformOpsDashboard\src\PlatformOpsHub.Web\PlatformOpsHub.Web.csproj]
C:\Tools\PlatformOpsDashboard\src\PlatformOpsHub.Web\Components\Pages\ServiceTeamHub.razor(39,21): warning RZ10012: Found markup element with unexpected name 'FluentTypography'. If this is intended to be a component, add a @using directive for its namespace. [C:\Tools\PlatformOpsDashboard\src\PlatformOpsHub.Web\PlatformOpsHub.Web.csproj]
C:\Tools\PlatformOpsDashboard\src\PlatformOpsHub.Web\Components\Pages\ServiceTeamHub.razor(43,21): warning RZ10012: Found markup element with unexpected name 'FluentTypography'. If this is intended to be a component, add a @using directive for its namespace. [C:\Tools\PlatformOpsDashboard\src\PlatformOpsHub.Web\PlatformOpsHub.Web.csproj]
C:\Tools\PlatformOpsDashboard\src\PlatformOpsHub.Web\Components\Pages\ServiceTeamHub.razor(52,13): warning RZ10012: Found markup element with unexpected name 'FluentTypography'. If this is intended to be a component, add a @using directive for its namespace. [C:\Tools\PlatformOpsDashboard\src\PlatformOpsHub.Web\PlatformOpsHub.Web.csproj]
C:\Tools\PlatformOpsDashboard\src\PlatformOpsHub.Web\Components\Pages\TeamDirectory.razor(7,1): warning RZ10012: Found markup element with unexpected name 'FluentTypography'. If this is intended to be a component, add a @using directive for its namespace. [C:\Tools\PlatformOpsDashboard\src\PlatformOpsHub.Web\PlatformOpsHub.Web.csproj]
C:\Tools\PlatformOpsDashboard\src\PlatformOpsHub.Web\Components\Pages\TeamDirectory.razor(8,1): warning RZ10012: Found markup element with unexpected name 'FluentTypography'. If this is intended to be a component, add a @using directive for its namespace. [C:\Tools\PlatformOpsDashboard\src\PlatformOpsHub.Web\PlatformOpsHub.Web.csproj]
C:\Tools\PlatformOpsDashboard\src\PlatformOpsHub.Web\Components\Pages\TeamDirectory.razor(29,17): warning RZ10012: Found markup element with unexpected name 'FluentTypography'. If this is intended to be a component, add a @using directive for its namespace. [C:\Tools\PlatformOpsDashboard\src\PlatformOpsHub.Web\PlatformOpsHub.Web.csproj]
C:\Tools\PlatformOpsDashboard\src\PlatformOpsHub.Web\Components\Pages\TeamDirectory.razor(30,17): warning RZ10012: Found markup element with unexpected name 'FluentTypography'. If this is intended to be a component, add a @using directive for its namespace. [C:\Tools\PlatformOpsDashboard\src\PlatformOpsHub.Web\PlatformOpsHub.Web.csproj]
C:\Tools\PlatformOpsDashboard\src\PlatformOpsHub.Web\Components\Layout\MainLayout.razor(8,9): warning RZ10012: Found markup element with unexpected name 'FluentTypography'. If this is intended to be a component, add a @using directive for its namespace. [C:\Tools\PlatformOpsDashboard\src\PlatformOpsHub.Web\PlatformOpsHub.Web.csproj]
C:\Tools\PlatformOpsDashboard\src\PlatformOpsHub.Web\Components\Layout\LoginLayout.razor(4,26): error CS0103: The name 'DesignMode' does not exist in the current context [C:\Tools\PlatformOpsDashboard\src\PlatformOpsHub.Web\PlatformOpsHub.Web.csproj]

Build FAILED.

C:\Tools\PlatformOpsDashboard\src\PlatformOpsHub.Web\Components\Layout\LoginDisplay.razor(6,13): warning RZ10012: Found markup element with unexpected name 'FluentTypography'. If this is intended to be a component, add a @using directive for its namespace. [C:\Tools\PlatformOpsDashboard\src\PlatformOpsHub.Web\PlatformOpsHub.Web.csproj]
C:\Tools\PlatformOpsDashboard\src\PlatformOpsHub.Web\Components\Pages\Account\Login.razor(14,9): warning RZ10012: Found markup element with unexpected name 'FluentTypography'. If this is intended to be a component, add a @using directive for its namespace. [C:\Tools\PlatformOpsDashboard\src\PlatformOpsHub.Web\PlatformOpsHub.Web.csproj]
C:\Tools\PlatformOpsDashboard\src\PlatformOpsHub.Web\Components\Pages\Account\Login.razor(15,9): warning RZ10012: Found markup element with unexpected name 'FluentTypography'. If this is intended to be a component, add a @using directive for its namespace. [C:\Tools\PlatformOpsDashboard\src\PlatformOpsHub.Web\PlatformOpsHub.Web.csproj]
C:\Tools\PlatformOpsDashboard\src\PlatformOpsHub.Web\Components\Pages\ChangeTeamHub.razor(7,1): warning RZ10012: Found markup element with unexpected name 'FluentTypography'. If this is intended to be a component, add a @using directive for its namespace. [C:\Tools\PlatformOpsDashboard\src\PlatformOpsHub.Web\PlatformOpsHub.Web.csproj]
C:\Tools\PlatformOpsDashboard\src\PlatformOpsHub.Web\Components\Pages\ChangeTeamHub.razor(8,1): warning RZ10012: Found markup element with unexpected name 'FluentTypography'. If this is intended to be a component, add a @using directive for its namespace. [C:\Tools\PlatformOpsDashboard\src\PlatformOpsHub.Web\PlatformOpsHub.Web.csproj]
C:\Tools\PlatformOpsDashboard\src\PlatformOpsHub.Web\Components\Pages\ChangeTeamHub.razor(15,17): warning RZ10012: Found markup element with unexpected name 'FluentTypography'. If this is intended to be a component, add a @using directive for its namespace. [C:\Tools\PlatformOpsDashboard\src\PlatformOpsHub.Web\PlatformOpsHub.Web.csproj]
C:\Tools\PlatformOpsDashboard\src\PlatformOpsHub.Web\Components\Pages\ChangeTeamHub.razor(16,17): warning RZ10012: Found markup element with unexpected name 'FluentTypography'. If this is intended to be a component, add a @using directive for its namespace. [C:\Tools\PlatformOpsDashboard\src\PlatformOpsHub.Web\PlatformOpsHub.Web.csproj]
C:\Tools\PlatformOpsDashboard\src\PlatformOpsHub.Web\Components\Pages\ChangeTeamHub.razor(22,29): warning RZ10012: Found markup element with unexpected name 'FluentTypography'. If this is intended to be a component, add a @using directive for its namespace. [C:\Tools\PlatformOpsDashboard\src\PlatformOpsHub.Web\PlatformOpsHub.Web.csproj]
C:\Tools\PlatformOpsDashboard\src\PlatformOpsHub.Web\Components\Pages\ChangeTeamHub.razor(23,29): warning RZ10012: Found markup element with unexpected name 'FluentTypography'. If this is intended to be a component, add a @using directive for its namespace. [C:\Tools\PlatformOpsDashboard\src\PlatformOpsHub.Web\PlatformOpsHub.Web.csproj]
C:\Tools\PlatformOpsDashboard\src\PlatformOpsHub.Web\Components\Pages\ChangeTeamHub.razor(27,29): warning RZ10012: Found markup element with unexpected name 'FluentTypography'. If this is intended to be a component, add a @using directive for its namespace. [C:\Tools\PlatformOpsDashboard\src\PlatformOpsHub.Web\PlatformOpsHub.Web.csproj]
C:\Tools\PlatformOpsDashboard\src\PlatformOpsHub.Web\Components\Pages\ChangeTeamHub.razor(28,29): warning RZ10012: Found markup element with unexpected name 'FluentTypography'. If this is intended to be a component, add a @using directive for its namespace. [C:\Tools\PlatformOpsDashboard\src\PlatformOpsHub.Web\PlatformOpsHub.Web.csproj]
C:\Tools\PlatformOpsDashboard\src\PlatformOpsHub.Web\Components\Pages\ChangeTeamHub.razor(35,21): warning RZ10012: Found markup element with unexpected name 'FluentTypography'. If this is intended to be a component, add a @using directive for its namespace. [C:\Tools\PlatformOpsDashboard\src\PlatformOpsHub.Web\PlatformOpsHub.Web.csproj]
C:\Tools\PlatformOpsDashboard\src\PlatformOpsHub.Web\Components\Pages\ChangeTeamHub.razor(47,17): warning RZ10012: Found markup element with unexpected name 'FluentTypography'. If this is intended to be a component, add a @using directive for its namespace. [C:\Tools\PlatformOpsDashboard\src\PlatformOpsHub.Web\PlatformOpsHub.Web.csproj]
C:\Tools\PlatformOpsDashboard\src\PlatformOpsHub.Web\Components\Pages\ChangeTeamHub.razor(50,25): warning RZ10012: Found markup element with unexpected name 'FluentTypography'. If this is intended to be a component, add a @using directive for its namespace. [C:\Tools\PlatformOpsDashboard\src\PlatformOpsHub.Web\PlatformOpsHub.Web.csproj]
C:\Tools\PlatformOpsDashboard\src\PlatformOpsHub.Web\Components\Pages\ChangeTeamHub.razor(51,25): warning RZ10012: Found markup element with unexpected name 'FluentTypography'. If this is intended to be a component, add a @using directive for its namespace. [C:\Tools\PlatformOpsDashboard\src\PlatformOpsHub.Web\PlatformOpsHub.Web.csproj]
C:\Tools\PlatformOpsDashboard\src\PlatformOpsHub.Web\Components\Pages\ChangeTeamHub.razor(54,25): warning RZ10012: Found markup element with unexpected name 'FluentTypography'. If this is intended to be a component, add a @using directive for its namespace. [C:\Tools\PlatformOpsDashboard\src\PlatformOpsHub.Web\PlatformOpsHub.Web.csproj]
C:\Tools\PlatformOpsDashboard\src\PlatformOpsHub.Web\Components\Pages\ChangeTeamHub.razor(55,25): warning RZ10012: Found markup element with unexpected name 'FluentTypography'. If this is intended to be a component, add a @using directive for its namespace. [C:\Tools\PlatformOpsDashboard\src\PlatformOpsHub.Web\PlatformOpsHub.Web.csproj]
C:\Tools\PlatformOpsDashboard\src\PlatformOpsHub.Web\Components\Pages\ChangeTeamHub.razor(69,13): warning RZ10012: Found markup element with unexpected name 'FluentTypography'. If this is intended to be a component, add a @using directive for its namespace. [C:\Tools\PlatformOpsDashboard\src\PlatformOpsHub.Web\PlatformOpsHub.Web.csproj]
C:\Tools\PlatformOpsDashboard\src\PlatformOpsHub.Web\Components\Pages\CodeQuality.razor(7,1): warning RZ10012: Found markup element with unexpected name 'FluentTypography'. If this is intended to be a component, add a @using directive for its namespace. [C:\Tools\PlatformOpsDashboard\src\PlatformOpsHub.Web\PlatformOpsHub.Web.csproj]
C:\Tools\PlatformOpsDashboard\src\PlatformOpsHub.Web\Components\Pages\CodeQuality.razor(8,1): warning RZ10012: Found markup element with unexpected name 'FluentTypography'. If this is intended to be a component, add a @using directive for its namespace. [C:\Tools\PlatformOpsDashboard\src\PlatformOpsHub.Web\PlatformOpsHub.Web.csproj]
C:\Tools\PlatformOpsDashboard\src\PlatformOpsHub.Web\Components\Pages\CodeQuality.razor(16,17): warning RZ10012: Found markup element with unexpected name 'FluentTypography'. If this is intended to be a component, add a @using directive for its namespace. [C:\Tools\PlatformOpsDashboard\src\PlatformOpsHub.Web\PlatformOpsHub.Web.csproj]
C:\Tools\PlatformOpsDashboard\src\PlatformOpsHub.Web\Components\Pages\CodeQuality.razor(21,25): warning RZ10012: Found markup element with unexpected name 'FluentTypography'. If this is intended to be a component, add a @using directive for its namespace. [C:\Tools\PlatformOpsDashboard\src\PlatformOpsHub.Web\PlatformOpsHub.Web.csproj]
C:\Tools\PlatformOpsDashboard\src\PlatformOpsHub.Web\Components\Pages\CodeQuality.razor(22,25): warning RZ10012: Found markup element with unexpected name 'FluentTypography'. If this is intended to be a component, add a @using directive for its namespace. [C:\Tools\PlatformOpsDashboard\src\PlatformOpsHub.Web\PlatformOpsHub.Web.csproj]
C:\Tools\PlatformOpsDashboard\src\PlatformOpsHub.Web\Components\Pages\CodeQuality.razor(25,25): warning RZ10012: Found markup element with unexpected name 'FluentTypography'. If this is intended to be a component, add a @using directive for its namespace. [C:\Tools\PlatformOpsDashboard\src\PlatformOpsHub.Web\PlatformOpsHub.Web.csproj]
C:\Tools\PlatformOpsDashboard\src\PlatformOpsHub.Web\Components\Pages\CodeQuality.razor(26,25): warning RZ10012: Found markup element with unexpected name 'FluentTypography'. If this is intended to be a component, add a @using directive for its namespace. [C:\Tools\PlatformOpsDashboard\src\PlatformOpsHub.Web\PlatformOpsHub.Web.csproj]
C:\Tools\PlatformOpsDashboard\src\PlatformOpsHub.Web\Components\Pages\CodeQuality.razor(29,25): warning RZ10012: Found markup element with unexpected name 'FluentTypography'. If this is intended to be a component, add a @using directive for its namespace. [C:\Tools\PlatformOpsDashboard\src\PlatformOpsHub.Web\PlatformOpsHub.Web.csproj]
C:\Tools\PlatformOpsDashboard\src\PlatformOpsHub.Web\Components\Pages\CodeQuality.razor(30,25): warning RZ10012: Found markup element with unexpected name 'FluentTypography'. If this is intended to be a component, add a @using directive for its namespace. [C:\Tools\PlatformOpsDashboard\src\PlatformOpsHub.Web\PlatformOpsHub.Web.csproj]
C:\Tools\PlatformOpsDashboard\src\PlatformOpsHub.Web\Components\Pages\CodeQuality.razor(42,17): warning RZ10012: Found markup element with unexpected name 'FluentTypography'. If this is intended to be a component, add a @using directive for its namespace. [C:\Tools\PlatformOpsDashboard\src\PlatformOpsHub.Web\PlatformOpsHub.Web.csproj]
C:\Tools\PlatformOpsDashboard\src\PlatformOpsHub.Web\Components\Pages\CodeQuality.razor(47,25): warning RZ10012: Found markup element with unexpected name 'FluentTypography'. If this is intended to be a component, add a @using directive for its namespace. [C:\Tools\PlatformOpsDashboard\src\PlatformOpsHub.Web\PlatformOpsHub.Web.csproj]
C:\Tools\PlatformOpsDashboard\src\PlatformOpsHub.Web\Components\Pages\CodeQuality.razor(48,25): warning RZ10012: Found markup element with unexpected name 'FluentTypography'. If this is intended to be a component, add a @using directive for its namespace. [C:\Tools\PlatformOpsDashboard\src\PlatformOpsHub.Web\PlatformOpsHub.Web.csproj]
C:\Tools\PlatformOpsDashboard\src\PlatformOpsHub.Web\Components\Pages\CodeQuality.razor(51,25): warning RZ10012: Found markup element with unexpected name 'FluentTypography'. If this is intended to be a component, add a @using directive for its namespace. [C:\Tools\PlatformOpsDashboard\src\PlatformOpsHub.Web\PlatformOpsHub.Web.csproj]
C:\Tools\PlatformOpsDashboard\src\PlatformOpsHub.Web\Components\Pages\CodeQuality.razor(52,25): warning RZ10012: Found markup element with unexpected name 'FluentTypography'. If this is intended to be a component, add a @using directive for its namespace. [C:\Tools\PlatformOpsDashboard\src\PlatformOpsHub.Web\PlatformOpsHub.Web.csproj]
C:\Tools\PlatformOpsDashboard\src\PlatformOpsHub.Web\Components\Pages\CodeQuality.razor(55,25): warning RZ10012: Found markup element with unexpected name 'FluentTypography'. If this is intended to be a component, add a @using directive for its namespace. [C:\Tools\PlatformOpsDashboard\src\PlatformOpsHub.Web\PlatformOpsHub.Web.csproj]
C:\Tools\PlatformOpsDashboard\src\PlatformOpsHub.Web\Components\Pages\CodeQuality.razor(56,25): warning RZ10012: Found markup element with unexpected name 'FluentTypography'. If this is intended to be a component, add a @using directive for its namespace. [C:\Tools\PlatformOpsDashboard\src\PlatformOpsHub.Web\PlatformOpsHub.Web.csproj]
C:\Tools\PlatformOpsDashboard\src\PlatformOpsHub.Web\Components\Pages\CodeQuality.razor(66,13): warning RZ10012: Found markup element with unexpected name 'FluentTypography'. If this is intended to be a component, add a @using directive for its namespace. [C:\Tools\PlatformOpsDashboard\src\PlatformOpsHub.Web\PlatformOpsHub.Web.csproj]
C:\Tools\PlatformOpsDashboard\src\PlatformOpsHub.Web\Components\Pages\DbaHub.razor(7,1): warning RZ10012: Found markup element with unexpected name 'FluentTypography'. If this is intended to be a component, add a @using directive for its namespace. [C:\Tools\PlatformOpsDashboard\src\PlatformOpsHub.Web\PlatformOpsHub.Web.csproj]
C:\Tools\PlatformOpsDashboard\src\PlatformOpsHub.Web\Components\Pages\DbaHub.razor(8,1): warning RZ10012: Found markup element with unexpected name 'FluentTypography'. If this is intended to be a component, add a @using directive for its namespace. [C:\Tools\PlatformOpsDashboard\src\PlatformOpsHub.Web\PlatformOpsHub.Web.csproj]
C:\Tools\PlatformOpsDashboard\src\PlatformOpsHub.Web\Components\Pages\DbaHub.razor(14,13): warning RZ10012: Found markup element with unexpected name 'FluentTypography'. If this is intended to be a component, add a @using directive for its namespace. [C:\Tools\PlatformOpsDashboard\src\PlatformOpsHub.Web\PlatformOpsHub.Web.csproj]
C:\Tools\PlatformOpsDashboard\src\PlatformOpsHub.Web\Components\Pages\DbaHub.razor(31,17): warning RZ10012: Found markup element with unexpected name 'FluentTypography'. If this is intended to be a component, add a @using directive for its namespace. [C:\Tools\PlatformOpsDashboard\src\PlatformOpsHub.Web\PlatformOpsHub.Web.csproj]
C:\Tools\PlatformOpsDashboard\src\PlatformOpsHub.Web\Components\Pages\DbaHub.razor(34,21): warning RZ10012: Found markup element with unexpected name 'FluentTypography'. If this is intended to be a component, add a @using directive for its namespace. [C:\Tools\PlatformOpsDashboard\src\PlatformOpsHub.Web\PlatformOpsHub.Web.csproj]
C:\Tools\PlatformOpsDashboard\src\PlatformOpsHub.Web\Components\Pages\DbaHub.razor(38,21): warning RZ10012: Found markup element with unexpected name 'FluentTypography'. If this is intended to be a component, add a @using directive for its namespace. [C:\Tools\PlatformOpsDashboard\src\PlatformOpsHub.Web\PlatformOpsHub.Web.csproj]
C:\Tools\PlatformOpsDashboard\src\PlatformOpsHub.Web\Components\Pages\DbaHub.razor(42,21): warning RZ10012: Found markup element with unexpected name 'FluentTypography'. If this is intended to be a component, add a @using directive for its namespace. [C:\Tools\PlatformOpsDashboard\src\PlatformOpsHub.Web\PlatformOpsHub.Web.csproj]
C:\Tools\PlatformOpsDashboard\src\PlatformOpsHub.Web\Components\Pages\DbaHub.razor(51,13): warning RZ10012: Found markup element with unexpected name 'FluentTypography'. If this is intended to be a component, add a @using directive for its namespace. [C:\Tools\PlatformOpsDashboard\src\PlatformOpsHub.Web\PlatformOpsHub.Web.csproj]
C:\Tools\PlatformOpsDashboard\src\PlatformOpsHub.Web\Components\Pages\Epics.razor(7,1): warning RZ10012: Found markup element with unexpected name 'FluentTypography'. If this is intended to be a component, add a @using directive for its namespace. [C:\Tools\PlatformOpsDashboard\src\PlatformOpsHub.Web\PlatformOpsHub.Web.csproj]
C:\Tools\PlatformOpsDashboard\src\PlatformOpsHub.Web\Components\Pages\Epics.razor(8,1): warning RZ10012: Found markup element with unexpected name 'FluentTypography'. If this is intended to be a component, add a @using directive for its namespace. [C:\Tools\PlatformOpsDashboard\src\PlatformOpsHub.Web\PlatformOpsHub.Web.csproj]
C:\Tools\PlatformOpsDashboard\src\PlatformOpsHub.Web\Components\Pages\Home.razor(9,1): warning RZ10012: Found markup element with unexpected name 'FluentTypography'. If this is intended to be a component, add a @using directive for its namespace. [C:\Tools\PlatformOpsDashboard\src\PlatformOpsHub.Web\PlatformOpsHub.Web.csproj]
C:\Tools\PlatformOpsDashboard\src\PlatformOpsHub.Web\Components\Pages\Home.razor(10,1): warning RZ10012: Found markup element with unexpected name 'FluentTypography'. If this is intended to be a component, add a @using directive for its namespace. [C:\Tools\PlatformOpsDashboard\src\PlatformOpsHub.Web\PlatformOpsHub.Web.csproj]
C:\Tools\PlatformOpsDashboard\src\PlatformOpsHub.Web\Components\Pages\Home.razor(23,21): warning RZ10012: Found markup element with unexpected name 'FluentTypography'. If this is intended to be a component, add a @using directive for its namespace. [C:\Tools\PlatformOpsDashboard\src\PlatformOpsHub.Web\PlatformOpsHub.Web.csproj]
C:\Tools\PlatformOpsDashboard\src\PlatformOpsHub.Web\Components\Pages\Home.razor(37,21): warning RZ10012: Found markup element with unexpected name 'FluentTypography'. If this is intended to be a component, add a @using directive for its namespace. [C:\Tools\PlatformOpsDashboard\src\PlatformOpsHub.Web\PlatformOpsHub.Web.csproj]
C:\Tools\PlatformOpsDashboard\src\PlatformOpsHub.Web\Components\Pages\Home.razor(38,21): warning RZ10012: Found markup element with unexpected name 'FluentTypography'. If this is intended to be a component, add a @using directive for its namespace. [C:\Tools\PlatformOpsDashboard\src\PlatformOpsHub.Web\PlatformOpsHub.Web.csproj]
C:\Tools\PlatformOpsDashboard\src\PlatformOpsHub.Web\Components\Pages\Home.razor(39,21): warning RZ10012: Found markup element with unexpected name 'FluentTypography'. If this is intended to be a component, add a @using directive for its namespace. [C:\Tools\PlatformOpsDashboard\src\PlatformOpsHub.Web\PlatformOpsHub.Web.csproj]
C:\Tools\PlatformOpsDashboard\src\PlatformOpsHub.Web\Components\Pages\Home.razor(48,21): warning RZ10012: Found markup element with unexpected name 'FluentTypography'. If this is intended to be a component, add a @using directive for its namespace. [C:\Tools\PlatformOpsDashboard\src\PlatformOpsHub.Web\PlatformOpsHub.Web.csproj]
C:\Tools\PlatformOpsDashboard\src\PlatformOpsHub.Web\Components\Pages\Home.razor(49,21): warning RZ10012: Found markup element with unexpected name 'FluentTypography'. If this is intended to be a component, add a @using directive for its namespace. [C:\Tools\PlatformOpsDashboard\src\PlatformOpsHub.Web\PlatformOpsHub.Web.csproj]
C:\Tools\PlatformOpsDashboard\src\PlatformOpsHub.Web\Components\Pages\Home.razor(59,21): warning RZ10012: Found markup element with unexpected name 'FluentTypography'. If this is intended to be a component, add a @using directive for its namespace. [C:\Tools\PlatformOpsDashboard\src\PlatformOpsHub.Web\PlatformOpsHub.Web.csproj]
C:\Tools\PlatformOpsDashboard\src\PlatformOpsHub.Web\Components\Pages\Home.razor(60,21): warning RZ10012: Found markup element with unexpected name 'FluentTypography'. If this is intended to be a component, add a @using directive for its namespace. [C:\Tools\PlatformOpsDashboard\src\PlatformOpsHub.Web\PlatformOpsHub.Web.csproj]
C:\Tools\PlatformOpsDashboard\src\PlatformOpsHub.Web\Components\Pages\Home.razor(61,21): warning RZ10012: Found markup element with unexpected name 'FluentTypography'. If this is intended to be a component, add a @using directive for its namespace. [C:\Tools\PlatformOpsDashboard\src\PlatformOpsHub.Web\PlatformOpsHub.Web.csproj]
C:\Tools\PlatformOpsDashboard\src\PlatformOpsHub.Web\Components\Pages\Home.razor(69,17): warning RZ10012: Found markup element with unexpected name 'FluentTypography'. If this is intended to be a component, add a @using directive for its namespace. [C:\Tools\PlatformOpsDashboard\src\PlatformOpsHub.Web\PlatformOpsHub.Web.csproj]
C:\Tools\PlatformOpsDashboard\src\PlatformOpsHub.Web\Components\Pages\Home.razor(72,25): warning RZ10012: Found markup element with unexpected name 'FluentTypography'. If this is intended to be a component, add a @using directive for its namespace. [C:\Tools\PlatformOpsDashboard\src\PlatformOpsHub.Web\PlatformOpsHub.Web.csproj]
C:\Tools\PlatformOpsDashboard\src\PlatformOpsHub.Web\Components\Pages\Home.razor(73,25): warning RZ10012: Found markup element with unexpected name 'FluentTypography'. If this is intended to be a component, add a @using directive for its namespace. [C:\Tools\PlatformOpsDashboard\src\PlatformOpsHub.Web\PlatformOpsHub.Web.csproj]
C:\Tools\PlatformOpsDashboard\src\PlatformOpsHub.Web\Components\Pages\Home.razor(76,25): warning RZ10012: Found markup element with unexpected name 'FluentTypography'. If this is intended to be a component, add a @using directive for its namespace. [C:\Tools\PlatformOpsDashboard\src\PlatformOpsHub.Web\PlatformOpsHub.Web.csproj]
C:\Tools\PlatformOpsDashboard\src\PlatformOpsHub.Web\Components\Pages\Home.razor(77,25): warning RZ10012: Found markup element with unexpected name 'FluentTypography'. If this is intended to be a component, add a @using directive for its namespace. [C:\Tools\PlatformOpsDashboard\src\PlatformOpsHub.Web\PlatformOpsHub.Web.csproj]
C:\Tools\PlatformOpsDashboard\src\PlatformOpsHub.Web\Components\Pages\Home.razor(80,25): warning RZ10012: Found markup element with unexpected name 'FluentTypography'. If this is intended to be a component, add a @using directive for its namespace. [C:\Tools\PlatformOpsDashboard\src\PlatformOpsHub.Web\PlatformOpsHub.Web.csproj]
C:\Tools\PlatformOpsDashboard\src\PlatformOpsHub.Web\Components\Pages\Home.razor(81,25): warning RZ10012: Found markup element with unexpected name 'FluentTypography'. If this is intended to be a component, add a @using directive for its namespace. [C:\Tools\PlatformOpsDashboard\src\PlatformOpsHub.Web\PlatformOpsHub.Web.csproj]
C:\Tools\PlatformOpsDashboard\src\PlatformOpsHub.Web\Components\Pages\Home.razor(90,17): warning RZ10012: Found markup element with unexpected name 'FluentTypography'. If this is intended to be a component, add a @using directive for its namespace. [C:\Tools\PlatformOpsDashboard\src\PlatformOpsHub.Web\PlatformOpsHub.Web.csproj]
C:\Tools\PlatformOpsDashboard\src\PlatformOpsHub.Web\Components\Pages\Home.razor(93,25): warning RZ10012: Found markup element with unexpected name 'FluentTypography'. If this is intended to be a component, add a @using directive for its namespace. [C:\Tools\PlatformOpsDashboard\src\PlatformOpsHub.Web\PlatformOpsHub.Web.csproj]
C:\Tools\PlatformOpsDashboard\src\PlatformOpsHub.Web\Components\Pages\Home.razor(96,25): warning RZ10012: Found markup element with unexpected name 'FluentTypography'. If this is intended to be a component, add a @using directive for its namespace. [C:\Tools\PlatformOpsDashboard\src\PlatformOpsHub.Web\PlatformOpsHub.Web.csproj]
C:\Tools\PlatformOpsDashboard\src\PlatformOpsHub.Web\Components\Pages\Home.razor(99,25): warning RZ10012: Found markup element with unexpected name 'FluentTypography'. If this is intended to be a component, add a @using directive for its namespace. [C:\Tools\PlatformOpsDashboard\src\PlatformOpsHub.Web\PlatformOpsHub.Web.csproj]
C:\Tools\PlatformOpsDashboard\src\PlatformOpsHub.Web\Components\Pages\Home.razor(110,21): warning RZ10012: Found markup element with unexpected name 'FluentTypography'. If this is intended to be a component, add a @using directive for its namespace. [C:\Tools\PlatformOpsDashboard\src\PlatformOpsHub.Web\PlatformOpsHub.Web.csproj]
C:\Tools\PlatformOpsDashboard\src\PlatformOpsHub.Web\Components\Pages\Home.razor(111,21): warning RZ10012: Found markup element with unexpected name 'FluentTypography'. If this is intended to be a component, add a @using directive for its namespace. [C:\Tools\PlatformOpsDashboard\src\PlatformOpsHub.Web\PlatformOpsHub.Web.csproj]
C:\Tools\PlatformOpsDashboard\src\PlatformOpsHub.Web\Components\Pages\LearningHub.razor(6,1): warning RZ10012: Found markup element with unexpected name 'FluentTypography'. If this is intended to be a component, add a @using directive for its namespace. [C:\Tools\PlatformOpsDashboard\src\PlatformOpsHub.Web\PlatformOpsHub.Web.csproj]
C:\Tools\PlatformOpsDashboard\src\PlatformOpsHub.Web\Components\Pages\LearningHub.razor(7,1): warning RZ10012: Found markup element with unexpected name 'FluentTypography'. If this is intended to be a component, add a @using directive for its namespace. [C:\Tools\PlatformOpsDashboard\src\PlatformOpsHub.Web\PlatformOpsHub.Web.csproj]
C:\Tools\PlatformOpsDashboard\src\PlatformOpsHub.Web\Components\Pages\LearningHub.razor(12,9): warning RZ10012: Found markup element with unexpected name 'FluentTypography'. If this is intended to be a component, add a @using directive for its namespace. [C:\Tools\PlatformOpsDashboard\src\PlatformOpsHub.Web\PlatformOpsHub.Web.csproj]
C:\Tools\PlatformOpsDashboard\src\PlatformOpsHub.Web\Components\Pages\LearningHub.razor(20,29): warning RZ10012: Found markup element with unexpected name 'FluentTypography'. If this is intended to be a component, add a @using directive for its namespace. [C:\Tools\PlatformOpsDashboard\src\PlatformOpsHub.Web\PlatformOpsHub.Web.csproj]
C:\Tools\PlatformOpsDashboard\src\PlatformOpsHub.Web\Components\Pages\LearningHub.razor(21,29): warning RZ10012: Found markup element with unexpected name 'FluentTypography'. If this is intended to be a component, add a @using directive for its namespace. [C:\Tools\PlatformOpsDashboard\src\PlatformOpsHub.Web\PlatformOpsHub.Web.csproj]
C:\Tools\PlatformOpsDashboard\src\PlatformOpsHub.Web\Components\Pages\LearningHub.razor(34,13): warning RZ10012: Found markup element with unexpected name 'FluentTypography'. If this is intended to be a component, add a @using directive for its namespace. [C:\Tools\PlatformOpsDashboard\src\PlatformOpsHub.Web\PlatformOpsHub.Web.csproj]
C:\Tools\PlatformOpsDashboard\src\PlatformOpsHub.Web\Components\Pages\LearningHub.razor(40,25): warning RZ10012: Found markup element with unexpected name 'FluentTypography'. If this is intended to be a component, add a @using directive for its namespace. [C:\Tools\PlatformOpsDashboard\src\PlatformOpsHub.Web\PlatformOpsHub.Web.csproj]
C:\Tools\PlatformOpsDashboard\src\PlatformOpsHub.Web\Components\Pages\ServiceTeamHub.razor(7,1): warning RZ10012: Found markup element with unexpected name 'FluentTypography'. If this is intended to be a component, add a @using directive for its namespace. [C:\Tools\PlatformOpsDashboard\src\PlatformOpsHub.Web\PlatformOpsHub.Web.csproj]
C:\Tools\PlatformOpsDashboard\src\PlatformOpsHub.Web\Components\Pages\ServiceTeamHub.razor(8,1): warning RZ10012: Found markup element with unexpected name 'FluentTypography'. If this is intended to be a component, add a @using directive for its namespace. [C:\Tools\PlatformOpsDashboard\src\PlatformOpsHub.Web\PlatformOpsHub.Web.csproj]
C:\Tools\PlatformOpsDashboard\src\PlatformOpsHub.Web\Components\Pages\ServiceTeamHub.razor(14,13): warning RZ10012: Found markup element with unexpected name 'FluentTypography'. If this is intended to be a component, add a @using directive for its namespace. [C:\Tools\PlatformOpsDashboard\src\PlatformOpsHub.Web\PlatformOpsHub.Web.csproj]
C:\Tools\PlatformOpsDashboard\src\PlatformOpsHub.Web\Components\Pages\ServiceTeamHub.razor(24,13): warning RZ10012: Found markup element with unexpected name 'FluentTypography'. If this is intended to be a component, add a @using directive for its namespace. [C:\Tools\PlatformOpsDashboard\src\PlatformOpsHub.Web\PlatformOpsHub.Web.csproj]
C:\Tools\PlatformOpsDashboard\src\PlatformOpsHub.Web\Components\Pages\ServiceTeamHub.razor(32,17): warning RZ10012: Found markup element with unexpected name 'FluentTypography'. If this is intended to be a component, add a @using directive for its namespace. [C:\Tools\PlatformOpsDashboard\src\PlatformOpsHub.Web\PlatformOpsHub.Web.csproj]
C:\Tools\PlatformOpsDashboard\src\PlatformOpsHub.Web\Components\Pages\ServiceTeamHub.razor(35,21): warning RZ10012: Found markup element with unexpected name 'FluentTypography'. If this is intended to be a component, add a @using directive for its namespace. [C:\Tools\PlatformOpsDashboard\src\PlatformOpsHub.Web\PlatformOpsHub.Web.csproj]
C:\Tools\PlatformOpsDashboard\src\PlatformOpsHub.Web\Components\Pages\ServiceTeamHub.razor(39,21): warning RZ10012: Found markup element with unexpected name 'FluentTypography'. If this is intended to be a component, add a @using directive for its namespace. [C:\Tools\PlatformOpsDashboard\src\PlatformOpsHub.Web\PlatformOpsHub.Web.csproj]
C:\Tools\PlatformOpsDashboard\src\PlatformOpsHub.Web\Components\Pages\ServiceTeamHub.razor(43,21): warning RZ10012: Found markup element with unexpected name 'FluentTypography'. If this is intended to be a component, add a @using directive for its namespace. [C:\Tools\PlatformOpsDashboard\src\PlatformOpsHub.Web\PlatformOpsHub.Web.csproj]
C:\Tools\PlatformOpsDashboard\src\PlatformOpsHub.Web\Components\Pages\ServiceTeamHub.razor(52,13): warning RZ10012: Found markup element with unexpected name 'FluentTypography'. If this is intended to be a component, add a @using directive for its namespace. [C:\Tools\PlatformOpsDashboard\src\PlatformOpsHub.Web\PlatformOpsHub.Web.csproj]
C:\Tools\PlatformOpsDashboard\src\PlatformOpsHub.Web\Components\Pages\TeamDirectory.razor(7,1): warning RZ10012: Found markup element with unexpected name 'FluentTypography'. If this is intended to be a component, add a @using directive for its namespace. [C:\Tools\PlatformOpsDashboard\src\PlatformOpsHub.Web\PlatformOpsHub.Web.csproj]
C:\Tools\PlatformOpsDashboard\src\PlatformOpsHub.Web\Components\Pages\TeamDirectory.razor(8,1): warning RZ10012: Found markup element with unexpected name 'FluentTypography'. If this is intended to be a component, add a @using directive for its namespace. [C:\Tools\PlatformOpsDashboard\src\PlatformOpsHub.Web\PlatformOpsHub.Web.csproj]
C:\Tools\PlatformOpsDashboard\src\PlatformOpsHub.Web\Components\Pages\TeamDirectory.razor(29,17): warning RZ10012: Found markup element with unexpected name 'FluentTypography'. If this is intended to be a component, add a @using directive for its namespace. [C:\Tools\PlatformOpsDashboard\src\PlatformOpsHub.Web\PlatformOpsHub.Web.csproj]
C:\Tools\PlatformOpsDashboard\src\PlatformOpsHub.Web\Components\Pages\TeamDirectory.razor(30,17): warning RZ10012: Found markup element with unexpected name 'FluentTypography'. If this is intended to be a component, add a @using directive for its namespace. [C:\Tools\PlatformOpsDashboard\src\PlatformOpsHub.Web\PlatformOpsHub.Web.csproj]
C:\Tools\PlatformOpsDashboard\src\PlatformOpsHub.Web\Components\Layout\MainLayout.razor(8,9): warning RZ10012: Found markup element with unexpected name 'FluentTypography'. If this is intended to be a component, add a @using directive for its namespace. [C:\Tools\PlatformOpsDashboard\src\PlatformOpsHub.Web\PlatformOpsHub.Web.csproj]
C:\Tools\PlatformOpsDashboard\src\PlatformOpsHub.Web\Components\Layout\LoginLayout.razor(4,26): error CS0103: The name 'DesignMode' does not exist in the current context [C:\Tools\PlatformOpsDashboard\src\PlatformOpsHub.Web\PlatformOpsHub.Web.csproj]
    90 Warning(s)
    1 Error(s)

Time Elapsed 00:00:01.66
