  Determining projects to restore...
  All projects are up-to-date for restore.
  PlatformOpsHub.Integrations -> C:\Tools\PlatformOpsDashboard\src\PlatformOpsHub.Integrations\bin\Debug\net8.0\PlatformOpsHub.Integrations.dll
  PlatformOpsHub.Domain -> C:\Tools\PlatformOpsDashboard\src\PlatformOpsHub.Domain\bin\Debug\net8.0\PlatformOpsHub.Domain.dll
  PlatformOpsHub.Infrastructure -> C:\Tools\PlatformOpsDashboard\src\PlatformOpsHub.Infrastructure\bin\Debug\net8.0\PlatformOpsHub.Infrastructure.dll
C:\Tools\PlatformOpsDashboard\src\PlatformOpsHub.Application\Features\Newsletters\Commands\GenerateNewsletterCommand.cs(7,22): error CS0234: The type or namespace name 'Integrations' does not exist in the namespace 'PlatformOpsHub' (are you missing an assembly reference?) [C:\Tools\PlatformOpsDashboard\src\PlatformOpsHub.Application\PlatformOpsHub.Application.csproj]
C:\Tools\PlatformOpsDashboard\src\PlatformOpsHub.Application\Features\Newsletters\Commands\GenerateNewsletterCommand.cs(16,22): error CS0246: The type or namespace name 'IAzureOpenAIClient' could not be found (are you missing a using directive or an assembly reference?) [C:\Tools\PlatformOpsDashboard\src\PlatformOpsHub.Application\PlatformOpsHub.Application.csproj]
C:\Tools\PlatformOpsDashboard\src\PlatformOpsHub.Application\Features\Newsletters\Commands\GenerateNewsletterCommand.cs(18,75): error CS0246: The type or namespace name 'IAzureOpenAIClient' could not be found (are you missing a using directive or an assembly reference?) [C:\Tools\PlatformOpsDashboard\src\PlatformOpsHub.Application\PlatformOpsHub.Application.csproj]

Build FAILED.

C:\Tools\PlatformOpsDashboard\src\PlatformOpsHub.Application\Features\Newsletters\Commands\GenerateNewsletterCommand.cs(7,22): error CS0234: The type or namespace name 'Integrations' does not exist in the namespace 'PlatformOpsHub' (are you missing an assembly reference?) [C:\Tools\PlatformOpsDashboard\src\PlatformOpsHub.Application\PlatformOpsHub.Application.csproj]
C:\Tools\PlatformOpsDashboard\src\PlatformOpsHub.Application\Features\Newsletters\Commands\GenerateNewsletterCommand.cs(16,22): error CS0246: The type or namespace name 'IAzureOpenAIClient' could not be found (are you missing a using directive or an assembly reference?) [C:\Tools\PlatformOpsDashboard\src\PlatformOpsHub.Application\PlatformOpsHub.Application.csproj]
C:\Tools\PlatformOpsDashboard\src\PlatformOpsHub.Application\Features\Newsletters\Commands\GenerateNewsletterCommand.cs(18,75): error CS0246: The type or namespace name 'IAzureOpenAIClient' could not be found (are you missing a using directive or an assembly reference?) [C:\Tools\PlatformOpsDashboard\src\PlatformOpsHub.Application\PlatformOpsHub.Application.csproj]
    0 Warning(s)
    3 Error(s)

Time Elapsed 00:00:01.04
